{"level":"INFO","message":"[11:47:54.682 PM]: Creating new connection object"}
{"level":"INFO","message":"[11:47:54.689 PM]: Creating Connection[id: 97ff0904-7e6a-4bae-8cc2-d41beec2a228] with host: MBB36873.snowflakecomputing.com, account: MBB36873, accessUrl: https://MBB36873.snowflakecomputing.com, user: RYANEPPOLITO, role: undefined, database: RAW, schema: undefined, warehouse: COMPUTE_WH, proxy was not configured, password is provided, region: undefined, authenticator: SNOWFLAKE, ocsp mode: FAIL_OPEN, os: darwin, os version: 24.3.0"}
{"level":"INFO","message":"[11:47:54.690 PM]: Connection[id: 97ff0904-7e6a-4bae-8cc2-d41beec2a228] additional details: passcode in password is provided, passcode is not provided, private key is not provided, application: undefined, client name: snowflake-sdk, client version: 2.0.2, retry timeout: 300, private key path: undefined, private key pass is not provided, client store temporary credential: false, browser response timeout: 120000"}
{"level":"INFO","message":"[11:47:54.690 PM]: Connection[id: 97ff0904-7e6a-4bae-8cc2-d41beec2a228] - connection object created successfully."}
{"level":"INFO","message":"[11:47:54.690 PM]: Connection[id: 97ff0904-7e6a-4bae-8cc2-d41beec2a228] - connecting. Associated Snowflake domain: GLOBAL"}
{"level":"INFO","message":"[11:47:54.691 PM]: Connection[id: 97ff0904-7e6a-4bae-8cc2-d41beec2a228] - authentication successful using: SNOWFLAKE"}
{"level":"INFO","message":"[11:47:54.691 PM]: Trying to initialize Easy Logging"}
{"level":"INFO","message":"[11:47:54.694 PM]: No client config detected."}
{"level":"INFO","message":"[11:47:54.694 PM]: No config file path found. Client config will not be used."}
{"level":"INFO","message":"[11:47:54.694 PM]: Easy Logging is disabled as no config has been found"}
{"level":"INFO","message":"[11:47:54.696 PM]: Connection[id: 97ff0904-7e6a-4bae-8cc2-d41beec2a228] - connected successfully after 5.680625000008149 milliseconds"}
{"level":"INFO","message":"[12:00:17.761 AM]: Creating new connection object"}
{"level":"INFO","message":"[12:00:17.777 AM]: Creating Connection[id: cb389df1-f5e7-4ab3-8a6d-9a5508d4fcc8] with host: MBB36873.snowflakecomputing.com, account: MBB36873, accessUrl: https://MBB36873.snowflakecomputing.com, user: RYANEPPOLITO, role: undefined, database: RAW, schema: undefined, warehouse: COMPUTE_WH, proxy was not configured, password is provided, region: undefined, authenticator: SNOWFLAKE, ocsp mode: FAIL_OPEN, os: darwin, os version: 24.3.0"}
{"level":"INFO","message":"[12:00:17.777 AM]: Connection[id: cb389df1-f5e7-4ab3-8a6d-9a5508d4fcc8] additional details: passcode in password is provided, passcode is not provided, private key is not provided, application: undefined, client name: snowflake-sdk, client version: 2.0.2, retry timeout: 300, private key path: undefined, private key pass is not provided, client store temporary credential: false, browser response timeout: 120000"}
{"level":"INFO","message":"[12:00:17.778 AM]: Connection[id: cb389df1-f5e7-4ab3-8a6d-9a5508d4fcc8] - connection object created successfully."}
{"level":"INFO","message":"[12:00:17.778 AM]: Connection[id: cb389df1-f5e7-4ab3-8a6d-9a5508d4fcc8] - connecting. Associated Snowflake domain: GLOBAL"}
{"level":"INFO","message":"[12:00:17.778 AM]: Connection[id: cb389df1-f5e7-4ab3-8a6d-9a5508d4fcc8] - authentication successful using: SNOWFLAKE"}
{"level":"INFO","message":"[12:00:17.778 AM]: Trying to initialize Easy Logging"}
{"level":"INFO","message":"[12:00:17.783 AM]: No client config detected."}
{"level":"INFO","message":"[12:00:17.784 AM]: No config file path found. Client config will not be used."}
{"level":"INFO","message":"[12:00:17.784 AM]: Easy Logging is disabled as no config has been found"}
{"level":"INFO","message":"[12:00:17.786 AM]: Connection[id: cb389df1-f5e7-4ab3-8a6d-9a5508d4fcc8] - connected successfully after 8.720500000054017 milliseconds"}
{"level":"INFO","message":"[12:00:54.792 AM]: Creating new connection object"}
{"level":"INFO","message":"[12:00:54.796 AM]: Creating Connection[id: 455d29ac-32e9-4002-be48-46c4dc088509] with host: MBB36873.snowflakecomputing.com, account: MBB36873, accessUrl: https://MBB36873.snowflakecomputing.com, user: RYANEPPOLITO, role: undefined, database: RAW, schema: undefined, warehouse: COMPUTE_WH, proxy was not configured, password is provided, region: undefined, authenticator: SNOWFLAKE, ocsp mode: FAIL_OPEN, os: darwin, os version: 24.3.0"}
{"level":"INFO","message":"[12:00:54.796 AM]: Connection[id: 455d29ac-32e9-4002-be48-46c4dc088509] additional details: passcode in password is provided, passcode is not provided, private key is not provided, application: undefined, client name: snowflake-sdk, client version: 2.0.2, retry timeout: 300, private key path: undefined, private key pass is not provided, client store temporary credential: false, browser response timeout: 120000"}
{"level":"INFO","message":"[12:00:54.796 AM]: Connection[id: 455d29ac-32e9-4002-be48-46c4dc088509] - connection object created successfully."}
{"level":"INFO","message":"[12:00:54.796 AM]: Connection[id: 455d29ac-32e9-4002-be48-46c4dc088509] - connecting. Associated Snowflake domain: GLOBAL"}
{"level":"INFO","message":"[12:00:54.797 AM]: Connection[id: 455d29ac-32e9-4002-be48-46c4dc088509] - authentication successful using: SNOWFLAKE"}
{"level":"INFO","message":"[12:00:54.798 AM]: Connection[id: 455d29ac-32e9-4002-be48-46c4dc088509] - connected successfully after 1.1985829999903217 milliseconds"}
{"level":"INFO","message":"[12:07:48.392 AM]: Creating new connection object"}
{"level":"INFO","message":"[12:07:48.418 AM]: Creating Connection[id: 4cbcd168-2f4e-46cc-ac70-1230fbb9f1b8] with host: MBB36873.snowflakecomputing.com, account: MBB36873, accessUrl: https://MBB36873.snowflakecomputing.com, user: RYANEPPOLITO, role: undefined, database: RAW, schema: undefined, warehouse: COMPUTE_WH, proxy was not configured, password is provided, region: undefined, authenticator: SNOWFLAKE, ocsp mode: FAIL_OPEN, os: darwin, os version: 24.3.0"}
{"level":"INFO","message":"[12:07:48.420 AM]: Connection[id: 4cbcd168-2f4e-46cc-ac70-1230fbb9f1b8] additional details: passcode in password is provided, passcode is not provided, private key is not provided, application: undefined, client name: snowflake-sdk, client version: 2.0.2, retry timeout: 300, private key path: undefined, private key pass is not provided, client store temporary credential: false, browser response timeout: 120000"}
{"level":"INFO","message":"[12:07:48.421 AM]: Connection[id: 4cbcd168-2f4e-46cc-ac70-1230fbb9f1b8] - connection object created successfully."}
{"level":"INFO","message":"[12:07:48.421 AM]: Connection[id: 4cbcd168-2f4e-46cc-ac70-1230fbb9f1b8] - connecting. Associated Snowflake domain: GLOBAL"}
{"level":"INFO","message":"[12:07:48.423 AM]: Connection[id: 4cbcd168-2f4e-46cc-ac70-1230fbb9f1b8] - authentication successful using: SNOWFLAKE"}
{"level":"INFO","message":"[12:07:48.426 AM]: Trying to initialize Easy Logging"}
{"level":"INFO","message":"[12:07:48.431 AM]: No client config detected."}
{"level":"INFO","message":"[12:07:48.433 AM]: No config file path found. Client config will not be used."}
{"level":"INFO","message":"[12:07:48.434 AM]: Easy Logging is disabled as no config has been found"}
{"level":"INFO","message":"[12:07:48.437 AM]: Connection[id: 4cbcd168-2f4e-46cc-ac70-1230fbb9f1b8] - connected successfully after 15.183332999935374 milliseconds"}
{"level":"INFO","message":"[12:12:49.174 AM]: Creating new connection object"}
{"level":"INFO","message":"[12:12:49.181 AM]: Creating Connection[id: cb6e3137-a4db-456d-af3b-e78b670cc9b0] with host: MBB36873.snowflakecomputing.com, account: MBB36873, accessUrl: https://MBB36873.snowflakecomputing.com, user: RYANEPPOLITO, role: undefined, database: RAW, schema: undefined, warehouse: COMPUTE_WH, proxy was not configured, password is provided, region: undefined, authenticator: SNOWFLAKE, ocsp mode: FAIL_OPEN, os: darwin, os version: 24.3.0"}
{"level":"INFO","message":"[12:12:49.183 AM]: Connection[id: cb6e3137-a4db-456d-af3b-e78b670cc9b0] additional details: passcode in password is provided, passcode is not provided, private key is not provided, application: undefined, client name: snowflake-sdk, client version: 2.0.2, retry timeout: 300, private key path: undefined, private key pass is not provided, client store temporary credential: false, browser response timeout: 120000"}
{"level":"INFO","message":"[12:12:49.183 AM]: Connection[id: cb6e3137-a4db-456d-af3b-e78b670cc9b0] - connection object created successfully."}
{"level":"INFO","message":"[12:12:49.184 AM]: Connection[id: cb6e3137-a4db-456d-af3b-e78b670cc9b0] - connecting. Associated Snowflake domain: GLOBAL"}
{"level":"INFO","message":"[12:12:49.184 AM]: Connection[id: cb6e3137-a4db-456d-af3b-e78b670cc9b0] - authentication successful using: SNOWFLAKE"}
{"level":"INFO","message":"[12:12:49.185 AM]: Trying to initialize Easy Logging"}
{"level":"INFO","message":"[12:12:49.193 AM]: No client config detected."}
{"level":"INFO","message":"[12:12:49.194 AM]: No config file path found. Client config will not be used."}
{"level":"INFO","message":"[12:12:49.194 AM]: Easy Logging is disabled as no config has been found"}
{"level":"INFO","message":"[12:12:49.199 AM]: Connection[id: cb6e3137-a4db-456d-af3b-e78b670cc9b0] - connected successfully after 15.715499999998428 milliseconds"}
{"level":"INFO","message":"[12:13:41.184 AM]: Creating new connection object"}
{"level":"INFO","message":"[12:13:41.185 AM]: Creating Connection[id: da815f7e-943f-442c-988a-96062c327b75] with host: MBB36873.snowflakecomputing.com, account: MBB36873, accessUrl: https://MBB36873.snowflakecomputing.com, user: RYANEPPOLITO, role: undefined, database: RAW, schema: undefined, warehouse: COMPUTE_WH, proxy was not configured, password is provided, region: undefined, authenticator: SNOWFLAKE, ocsp mode: FAIL_OPEN, os: darwin, os version: 24.3.0"}
{"level":"INFO","message":"[12:13:41.185 AM]: Connection[id: da815f7e-943f-442c-988a-96062c327b75] additional details: passcode in password is provided, passcode is not provided, private key is not provided, application: undefined, client name: snowflake-sdk, client version: 2.0.2, retry timeout: 300, private key path: undefined, private key pass is not provided, client store temporary credential: false, browser response timeout: 120000"}
{"level":"INFO","message":"[12:13:41.186 AM]: Connection[id: da815f7e-943f-442c-988a-96062c327b75] - connection object created successfully."}
{"level":"INFO","message":"[12:13:41.186 AM]: Connection[id: da815f7e-943f-442c-988a-96062c327b75] - connecting. Associated Snowflake domain: GLOBAL"}
{"level":"INFO","message":"[12:13:41.186 AM]: Connection[id: da815f7e-943f-442c-988a-96062c327b75] - authentication successful using: SNOWFLAKE"}
{"level":"INFO","message":"[12:13:41.187 AM]: Connection[id: da815f7e-943f-442c-988a-96062c327b75] - connected successfully after 1.3722080000006827 milliseconds"}
{"level":"INFO","message":"[12:20:00.353 AM]: Creating new connection object"}
{"level":"INFO","message":"[12:20:00.381 AM]: Creating Connection[id: b0c17ec1-20e3-4a96-bbb1-8fbe4c82a521] with host: MBB36873.snowflakecomputing.com, account: MBB36873, accessUrl: https://MBB36873.snowflakecomputing.com, user: RYANEPPOLITO, role: undefined, database: RAW, schema: undefined, warehouse: COMPUTE_WH, proxy was not configured, password is provided, region: undefined, authenticator: SNOWFLAKE, ocsp mode: FAIL_OPEN, os: darwin, os version: 24.3.0"}
{"level":"INFO","message":"[12:20:00.382 AM]: Connection[id: b0c17ec1-20e3-4a96-bbb1-8fbe4c82a521] additional details: passcode in password is provided, passcode is not provided, private key is not provided, application: undefined, client name: snowflake-sdk, client version: 2.0.2, retry timeout: 300, private key path: undefined, private key pass is not provided, client store temporary credential: false, browser response timeout: 120000"}
{"level":"INFO","message":"[12:20:00.382 AM]: Connection[id: b0c17ec1-20e3-4a96-bbb1-8fbe4c82a521] - connection object created successfully."}
{"level":"INFO","message":"[12:20:00.383 AM]: Connection[id: b0c17ec1-20e3-4a96-bbb1-8fbe4c82a521] - connecting. Associated Snowflake domain: GLOBAL"}
{"level":"INFO","message":"[12:20:00.383 AM]: Connection[id: b0c17ec1-20e3-4a96-bbb1-8fbe4c82a521] - authentication successful using: SNOWFLAKE"}
{"level":"INFO","message":"[12:20:00.384 AM]: Trying to initialize Easy Logging"}
{"level":"INFO","message":"[12:20:00.385 AM]: No client config detected."}
{"level":"INFO","message":"[12:20:00.385 AM]: No config file path found. Client config will not be used."}
{"level":"INFO","message":"[12:20:00.386 AM]: Easy Logging is disabled as no config has been found"}
{"level":"INFO","message":"[12:20:00.388 AM]: Connection[id: b0c17ec1-20e3-4a96-bbb1-8fbe4c82a521] - connected successfully after 5.354875000019092 milliseconds"}
{"level":"INFO","message":"[12:25:07.705 AM]: Creating new connection object"}
{"level":"INFO","message":"[12:25:07.713 AM]: Creating Connection[id: ccf0eb34-9264-438c-9fbb-b17b235fac4f] with host: MBB36873.snowflakecomputing.com, account: MBB36873, accessUrl: https://MBB36873.snowflakecomputing.com, user: RYANEPPOLITO, role: undefined, database: RAW, schema: undefined, warehouse: COMPUTE_WH, proxy was not configured, password is provided, region: undefined, authenticator: SNOWFLAKE, ocsp mode: FAIL_OPEN, os: darwin, os version: 24.3.0"}
{"level":"INFO","message":"[12:25:07.713 AM]: Connection[id: ccf0eb34-9264-438c-9fbb-b17b235fac4f] additional details: passcode in password is provided, passcode is not provided, private key is not provided, application: undefined, client name: snowflake-sdk, client version: 2.0.2, retry timeout: 300, private key path: undefined, private key pass is not provided, client store temporary credential: false, browser response timeout: 120000"}
{"level":"INFO","message":"[12:25:07.713 AM]: Connection[id: ccf0eb34-9264-438c-9fbb-b17b235fac4f] - connection object created successfully."}
{"level":"INFO","message":"[12:25:07.713 AM]: Connection[id: ccf0eb34-9264-438c-9fbb-b17b235fac4f] - connecting. Associated Snowflake domain: GLOBAL"}
{"level":"INFO","message":"[12:25:07.713 AM]: Connection[id: ccf0eb34-9264-438c-9fbb-b17b235fac4f] - authentication successful using: SNOWFLAKE"}
{"level":"INFO","message":"[12:25:07.715 AM]: Connection[id: ccf0eb34-9264-438c-9fbb-b17b235fac4f] - connected successfully after 1.6110840000910684 milliseconds"}
{"level":"INFO","message":"[12:32:26.250 AM]: Creating new connection object"}
{"level":"INFO","message":"[12:32:26.265 AM]: Creating Connection[id: a4c74333-9032-42fa-9c7f-cfa5da36baf5] with host: MBB36873.snowflakecomputing.com, account: MBB36873, accessUrl: https://MBB36873.snowflakecomputing.com, user: RYANEPPOLITO, role: undefined, database: RAW, schema: undefined, warehouse: COMPUTE_WH, proxy was not configured, password is provided, region: undefined, authenticator: SNOWFLAKE, ocsp mode: FAIL_OPEN, os: darwin, os version: 24.3.0"}
{"level":"INFO","message":"[12:32:26.266 AM]: Connection[id: a4c74333-9032-42fa-9c7f-cfa5da36baf5] additional details: passcode in password is provided, passcode is not provided, private key is not provided, application: undefined, client name: snowflake-sdk, client version: 2.0.2, retry timeout: 300, private key path: undefined, private key pass is not provided, client store temporary credential: false, browser response timeout: 120000"}
{"level":"INFO","message":"[12:32:26.266 AM]: Connection[id: a4c74333-9032-42fa-9c7f-cfa5da36baf5] - connection object created successfully."}
{"level":"INFO","message":"[12:32:26.266 AM]: Connection[id: a4c74333-9032-42fa-9c7f-cfa5da36baf5] - connecting. Associated Snowflake domain: GLOBAL"}
{"level":"INFO","message":"[12:32:26.267 AM]: Connection[id: a4c74333-9032-42fa-9c7f-cfa5da36baf5] - authentication successful using: SNOWFLAKE"}
{"level":"INFO","message":"[12:32:26.267 AM]: Trying to initialize Easy Logging"}
{"level":"INFO","message":"[12:32:26.274 AM]: No client config detected."}
{"level":"INFO","message":"[12:32:26.274 AM]: No config file path found. Client config will not be used."}
{"level":"INFO","message":"[12:32:26.275 AM]: Easy Logging is disabled as no config has been found"}
{"level":"INFO","message":"[12:32:26.279 AM]: Connection[id: a4c74333-9032-42fa-9c7f-cfa5da36baf5] - connected successfully after 12.680167000042275 milliseconds"}
{"level":"INFO","message":"[12:33:01.495 AM]: Creating new connection object"}
{"level":"INFO","message":"[12:33:01.496 AM]: Creating Connection[id: 69cd1fb0-e2e1-4e14-93fb-222062ee4b14] with host: MBB36873.snowflakecomputing.com, account: MBB36873, accessUrl: https://MBB36873.snowflakecomputing.com, user: RYANEPPOLITO, role: undefined, database: RAW, schema: undefined, warehouse: COMPUTE_WH, proxy was not configured, password is provided, region: undefined, authenticator: SNOWFLAKE, ocsp mode: FAIL_OPEN, os: darwin, os version: 24.3.0"}
{"level":"INFO","message":"[12:33:01.497 AM]: Connection[id: 69cd1fb0-e2e1-4e14-93fb-222062ee4b14] additional details: passcode in password is provided, passcode is not provided, private key is not provided, application: undefined, client name: snowflake-sdk, client version: 2.0.2, retry timeout: 300, private key path: undefined, private key pass is not provided, client store temporary credential: false, browser response timeout: 120000"}
{"level":"INFO","message":"[12:33:01.497 AM]: Connection[id: 69cd1fb0-e2e1-4e14-93fb-222062ee4b14] - connection object created successfully."}
{"level":"INFO","message":"[12:33:01.497 AM]: Connection[id: 69cd1fb0-e2e1-4e14-93fb-222062ee4b14] - connecting. Associated Snowflake domain: GLOBAL"}
{"level":"INFO","message":"[12:33:01.497 AM]: Connection[id: 69cd1fb0-e2e1-4e14-93fb-222062ee4b14] - authentication successful using: SNOWFLAKE"}
{"level":"INFO","message":"[12:33:01.498 AM]: Connection[id: 69cd1fb0-e2e1-4e14-93fb-222062ee4b14] - connected successfully after 1.093083000043407 milliseconds"}
{"level":"INFO","message":"[12:34:44.846 AM]: Creating new connection object"}
{"level":"INFO","message":"[12:34:44.876 AM]: Creating Connection[id: d7bda093-d928-43cb-9190-01126ac19497] with host: MBB36873.snowflakecomputing.com, account: MBB36873, accessUrl: https://MBB36873.snowflakecomputing.com, user: RYANEPPOLITO, role: undefined, database: RAW, schema: undefined, warehouse: COMPUTE_WH, proxy was not configured, password is provided, region: undefined, authenticator: SNOWFLAKE, ocsp mode: FAIL_OPEN, os: darwin, os version: 24.3.0"}
{"level":"INFO","message":"[12:34:44.877 AM]: Connection[id: d7bda093-d928-43cb-9190-01126ac19497] additional details: passcode in password is provided, passcode is not provided, private key is not provided, application: undefined, client name: snowflake-sdk, client version: 2.0.2, retry timeout: 300, private key path: undefined, private key pass is not provided, client store temporary credential: false, browser response timeout: 120000"}
{"level":"INFO","message":"[12:34:44.878 AM]: Connection[id: d7bda093-d928-43cb-9190-01126ac19497] - connection object created successfully."}
{"level":"INFO","message":"[12:34:44.878 AM]: Connection[id: d7bda093-d928-43cb-9190-01126ac19497] - connecting. Associated Snowflake domain: GLOBAL"}
{"level":"INFO","message":"[12:34:44.878 AM]: Connection[id: d7bda093-d928-43cb-9190-01126ac19497] - authentication successful using: SNOWFLAKE"}
{"level":"INFO","message":"[12:34:44.880 AM]: Trying to initialize Easy Logging"}
{"level":"INFO","message":"[12:34:44.882 AM]: No client config detected."}
{"level":"INFO","message":"[12:34:44.882 AM]: No config file path found. Client config will not be used."}
{"level":"INFO","message":"[12:34:44.882 AM]: Easy Logging is disabled as no config has been found"}
{"level":"INFO","message":"[12:34:44.885 AM]: Connection[id: d7bda093-d928-43cb-9190-01126ac19497] - connected successfully after 6.828167000086978 milliseconds"}
{"level":"INFO","message":"[1:15:18.692 AM]: Creating new connection object"}
{"level":"INFO","message":"[1:15:18.719 AM]: Creating Connection[id: 1ac16456-e1fc-4b77-8024-fcafaf52caf6] with host: MBB36873.snowflakecomputing.com, account: MBB36873, accessUrl: https://MBB36873.snowflakecomputing.com, user: RYANEPPOLITO, role: undefined, database: RAW, schema: undefined, warehouse: COMPUTE_WH, proxy was not configured, password is provided, region: undefined, authenticator: SNOWFLAKE, ocsp mode: FAIL_OPEN, os: darwin, os version: 24.3.0"}
{"level":"INFO","message":"[1:15:18.720 AM]: Connection[id: 1ac16456-e1fc-4b77-8024-fcafaf52caf6] additional details: passcode in password is provided, passcode is not provided, private key is not provided, application: undefined, client name: snowflake-sdk, client version: 2.0.2, retry timeout: 300, private key path: undefined, private key pass is not provided, client store temporary credential: false, browser response timeout: 120000"}
{"level":"INFO","message":"[1:15:18.721 AM]: Connection[id: 1ac16456-e1fc-4b77-8024-fcafaf52caf6] - connection object created successfully."}
{"level":"INFO","message":"[1:15:18.722 AM]: Connection[id: 1ac16456-e1fc-4b77-8024-fcafaf52caf6] - connecting. Associated Snowflake domain: GLOBAL"}
{"level":"INFO","message":"[1:15:18.725 AM]: Connection[id: 1ac16456-e1fc-4b77-8024-fcafaf52caf6] - authentication successful using: SNOWFLAKE"}
{"level":"INFO","message":"[1:15:18.725 AM]: Trying to initialize Easy Logging"}
{"level":"INFO","message":"[1:15:18.730 AM]: No client config detected."}
{"level":"INFO","message":"[1:15:18.731 AM]: No config file path found. Client config will not be used."}
{"level":"INFO","message":"[1:15:18.732 AM]: Easy Logging is disabled as no config has been found"}
{"level":"INFO","message":"[1:15:18.740 AM]: Connection[id: 1ac16456-e1fc-4b77-8024-fcafaf52caf6] - connected successfully after 17.044625000096858 milliseconds"}
{"level":"INFO","message":"[1:16:11.329 AM]: Creating new connection object"}
{"level":"INFO","message":"[1:16:11.331 AM]: Creating Connection[id: 34f0e691-5c34-4f14-8a83-fbaaa92bc51f] with host: MBB36873.snowflakecomputing.com, account: MBB36873, accessUrl: https://MBB36873.snowflakecomputing.com, user: RYANEPPOLITO, role: undefined, database: RAW, schema: undefined, warehouse: COMPUTE_WH, proxy was not configured, password is provided, region: undefined, authenticator: SNOWFLAKE, ocsp mode: FAIL_OPEN, os: darwin, os version: 24.3.0"}
{"level":"INFO","message":"[1:16:11.331 AM]: Connection[id: 34f0e691-5c34-4f14-8a83-fbaaa92bc51f] additional details: passcode in password is provided, passcode is not provided, private key is not provided, application: undefined, client name: snowflake-sdk, client version: 2.0.2, retry timeout: 300, private key path: undefined, private key pass is not provided, client store temporary credential: false, browser response timeout: 120000"}
{"level":"INFO","message":"[1:16:11.331 AM]: Connection[id: 34f0e691-5c34-4f14-8a83-fbaaa92bc51f] - connection object created successfully."}
{"level":"INFO","message":"[1:16:11.332 AM]: Connection[id: 34f0e691-5c34-4f14-8a83-fbaaa92bc51f] - connecting. Associated Snowflake domain: GLOBAL"}
{"level":"INFO","message":"[1:16:11.332 AM]: Connection[id: 34f0e691-5c34-4f14-8a83-fbaaa92bc51f] - authentication successful using: SNOWFLAKE"}
{"level":"INFO","message":"[1:16:11.332 AM]: Connection[id: 34f0e691-5c34-4f14-8a83-fbaaa92bc51f] - connected successfully after 0.9274590001441538 milliseconds"}
{"level":"INFO","message":"[1:29:01.906 AM]: Creating new connection object"}
{"level":"INFO","message":"[1:29:01.943 AM]: Creating Connection[id: e6714aff-c3bf-4a41-91fa-d3b4a0e75d42] with host: MBB36873.snowflakecomputing.com, account: MBB36873, accessUrl: https://MBB36873.snowflakecomputing.com, user: RYANEPPOLITO, role: undefined, database: RAW, schema: undefined, warehouse: COMPUTE_WH, proxy was not configured, password is provided, region: undefined, authenticator: SNOWFLAKE, ocsp mode: FAIL_OPEN, os: darwin, os version: 24.3.0"}
{"level":"INFO","message":"[1:29:01.943 AM]: Connection[id: e6714aff-c3bf-4a41-91fa-d3b4a0e75d42] additional details: passcode in password is provided, passcode is not provided, private key is not provided, application: undefined, client name: snowflake-sdk, client version: 2.0.2, retry timeout: 300, private key path: undefined, private key pass is not provided, client store temporary credential: false, browser response timeout: 120000"}
{"level":"INFO","message":"[1:29:01.944 AM]: Connection[id: e6714aff-c3bf-4a41-91fa-d3b4a0e75d42] - connection object created successfully."}
{"level":"INFO","message":"[1:29:01.945 AM]: Connection[id: e6714aff-c3bf-4a41-91fa-d3b4a0e75d42] - connecting. Associated Snowflake domain: GLOBAL"}
{"level":"INFO","message":"[1:29:01.947 AM]: Connection[id: e6714aff-c3bf-4a41-91fa-d3b4a0e75d42] - authentication successful using: SNOWFLAKE"}
{"level":"INFO","message":"[1:29:01.947 AM]: Trying to initialize Easy Logging"}
{"level":"INFO","message":"[1:29:01.950 AM]: No client config detected."}
{"level":"INFO","message":"[1:29:01.950 AM]: No config file path found. Client config will not be used."}
{"level":"INFO","message":"[1:29:01.950 AM]: Easy Logging is disabled as no config has been found"}
{"level":"INFO","message":"[1:29:01.954 AM]: Connection[id: e6714aff-c3bf-4a41-91fa-d3b4a0e75d42] - connected successfully after 9.286583000794053 milliseconds"}
{"level":"INFO","message":"[1:29:31.569 AM]: Creating new connection object"}
{"level":"INFO","message":"[1:29:31.572 AM]: Creating Connection[id: 655c4c59-4cc6-4cd5-b25a-82024aaf37e9] with host: MBB36873.snowflakecomputing.com, account: MBB36873, accessUrl: https://MBB36873.snowflakecomputing.com, user: RYANEPPOLITO, role: undefined, database: RAW, schema: undefined, warehouse: COMPUTE_WH, proxy was not configured, password is provided, region: undefined, authenticator: SNOWFLAKE, ocsp mode: FAIL_OPEN, os: darwin, os version: 24.3.0"}
{"level":"INFO","message":"[1:29:31.573 AM]: Connection[id: 655c4c59-4cc6-4cd5-b25a-82024aaf37e9] additional details: passcode in password is provided, passcode is not provided, private key is not provided, application: undefined, client name: snowflake-sdk, client version: 2.0.2, retry timeout: 300, private key path: undefined, private key pass is not provided, client store temporary credential: false, browser response timeout: 120000"}
{"level":"INFO","message":"[1:29:31.573 AM]: Connection[id: 655c4c59-4cc6-4cd5-b25a-82024aaf37e9] - connection object created successfully."}
{"level":"INFO","message":"[1:29:31.573 AM]: Connection[id: 655c4c59-4cc6-4cd5-b25a-82024aaf37e9] - connecting. Associated Snowflake domain: GLOBAL"}
{"level":"INFO","message":"[1:29:31.573 AM]: Connection[id: 655c4c59-4cc6-4cd5-b25a-82024aaf37e9] - authentication successful using: SNOWFLAKE"}
{"level":"INFO","message":"[1:29:31.574 AM]: Connection[id: 655c4c59-4cc6-4cd5-b25a-82024aaf37e9] - connected successfully after 1.082791999913752 milliseconds"}
{"level":"INFO","message":"[1:38:47.693 AM]: Creating new connection object"}
{"level":"INFO","message":"[1:38:47.738 AM]: Creating Connection[id: 31fbd18d-ddc3-48db-8ede-1c41ba80d26e] with host: MBB36873.snowflakecomputing.com, account: MBB36873, accessUrl: https://MBB36873.snowflakecomputing.com, user: RYANEPPOLITO, role: undefined, database: RAW, schema: undefined, warehouse: COMPUTE_WH, proxy was not configured, password is provided, region: undefined, authenticator: SNOWFLAKE, ocsp mode: FAIL_OPEN, os: darwin, os version: 24.3.0"}
{"level":"INFO","message":"[1:38:47.741 AM]: Connection[id: 31fbd18d-ddc3-48db-8ede-1c41ba80d26e] additional details: passcode in password is provided, passcode is not provided, private key is not provided, application: undefined, client name: snowflake-sdk, client version: 2.0.2, retry timeout: 300, private key path: undefined, private key pass is not provided, client store temporary credential: false, browser response timeout: 120000"}
{"level":"INFO","message":"[1:38:47.741 AM]: Connection[id: 31fbd18d-ddc3-48db-8ede-1c41ba80d26e] - connection object created successfully."}
{"level":"INFO","message":"[1:38:47.742 AM]: Connection[id: 31fbd18d-ddc3-48db-8ede-1c41ba80d26e] - connecting. Associated Snowflake domain: GLOBAL"}
{"level":"INFO","message":"[1:38:47.742 AM]: Connection[id: 31fbd18d-ddc3-48db-8ede-1c41ba80d26e] - authentication successful using: SNOWFLAKE"}
{"level":"INFO","message":"[1:38:47.742 AM]: Trying to initialize Easy Logging"}
{"level":"INFO","message":"[1:38:47.753 AM]: No client config detected."}
{"level":"INFO","message":"[1:38:47.754 AM]: No config file path found. Client config will not be used."}
{"level":"INFO","message":"[1:38:47.754 AM]: Easy Logging is disabled as no config has been found"}
{"level":"INFO","message":"[1:38:47.761 AM]: Connection[id: 31fbd18d-ddc3-48db-8ede-1c41ba80d26e] - connected successfully after 19.012500000186265 milliseconds"}
{"level":"INFO","message":"[1:45:26.080 AM]: Creating new connection object"}
{"level":"INFO","message":"[1:45:26.138 AM]: Creating Connection[id: da457057-97ed-4182-8ec1-bd20e8ea56ec] with host: MBB36873.snowflakecomputing.com, account: MBB36873, accessUrl: https://MBB36873.snowflakecomputing.com, user: RYANEPPOLITO, role: undefined, database: RAW, schema: undefined, warehouse: COMPUTE_WH, proxy was not configured, password is provided, region: undefined, authenticator: SNOWFLAKE, ocsp mode: FAIL_OPEN, os: darwin, os version: 24.3.0"}
{"level":"INFO","message":"[1:45:26.140 AM]: Connection[id: da457057-97ed-4182-8ec1-bd20e8ea56ec] additional details: passcode in password is provided, passcode is not provided, private key is not provided, application: undefined, client name: snowflake-sdk, client version: 2.0.2, retry timeout: 300, private key path: undefined, private key pass is not provided, client store temporary credential: false, browser response timeout: 120000"}
{"level":"INFO","message":"[1:45:26.146 AM]: Connection[id: da457057-97ed-4182-8ec1-bd20e8ea56ec] - connection object created successfully."}
{"level":"INFO","message":"[1:45:26.146 AM]: Connection[id: da457057-97ed-4182-8ec1-bd20e8ea56ec] - connecting. Associated Snowflake domain: GLOBAL"}
{"level":"INFO","message":"[1:45:26.148 AM]: Connection[id: da457057-97ed-4182-8ec1-bd20e8ea56ec] - authentication successful using: SNOWFLAKE"}
{"level":"INFO","message":"[1:45:26.150 AM]: Trying to initialize Easy Logging"}
{"level":"INFO","message":"[1:45:26.158 AM]: No client config detected."}
{"level":"INFO","message":"[1:45:26.158 AM]: No config file path found. Client config will not be used."}
{"level":"INFO","message":"[1:45:26.158 AM]: Easy Logging is disabled as no config has been found"}
{"level":"INFO","message":"[1:45:26.167 AM]: Connection[id: da457057-97ed-4182-8ec1-bd20e8ea56ec] - connected successfully after 20.60879199951887 milliseconds"}
